[INFO] Scanning for projects...
[INFO] 
[INFO] -----------------< org.javaproject:School-Management >------------------
[INFO] Building School-Management 1.0-SNAPSHOT
[INFO]   from pom.xml
[INFO] --------------------------------[ war ]---------------------------------
[WARNING] The POM for org.flywaydb:flyway-database-postgresql:jar:9.22.3 is missing, no dependency information available
[INFO] ------------------------------------------------------------------------
[INFO] BUILD FAILURE
[INFO] ------------------------------------------------------------------------
[INFO] Total time:  1.902 s
[INFO] Finished at: 2026-03-07T12:51:07+02:00
[INFO] ------------------------------------------------------------------------
[ERROR] Failed to execute goal on project School-Management: Could not resolve dependencies for project org.javaproject:School-Management:war:1.0-SNAPSHOT
[ERROR] dependency: org.flywaydb:flyway-database-postgresql:jar:9.22.3 (runtime)
[ERROR] 	org.flywaydb:flyway-database-postgresql:jar:9.22.3 was not found in https://repo.maven.apache.org/maven2 during a previous attempt. This failure was cached in the local repository and resolution is not reattempted until the update interval of central has elapsed or updates are forced
[ERROR] 
[ERROR] -> [Help 1]
[ERROR] 
[ERROR] To see the full stack trace of the errors, re-run Maven with the -e switch.
[ERROR] Re-run Maven using the -X switch to enable full debug logging.
[ERROR] 
[ERROR] For more information about the errors and possible solutions, please read the following articles:
[ERROR] [Help 1] http://cwiki.apache.org/confluence/display/MAVEN/DependencyResolutionException
